[19:07:50.195] [INFO] storybook v10.4.6
[19:07:50.377] [DEBUG] Command "yarn.cmd" not found, trying next variation...
[19:07:50.432] [DEBUG] Command "yarn.exe" not found, trying next variation...
[19:07:50.482] [DEBUG] Command "yarn.ps1" not found, trying next variation...
[19:07:50.583] [DEBUG] Command "pnpm.cmd" not found, trying next variation...
[19:07:50.631] [DEBUG] Command "pnpm.exe" not found, trying next variation...
[19:07:50.681] [DEBUG] Command "pnpm.ps1" not found, trying next variation...
[19:07:51.129] [DEBUG] Getting package.json info for C:/Users/chris_f40v4nt/Documents/GitHub/cakev2/package.json...
[19:07:51.951] [DEBUG] Serving static files from public/fonts at /fonts
[19:07:51.951] [DEBUG] Serving static files from public/favicon.svg at /favicon.svg
[19:07:51.954] [INFO] Starting...
[19:07:52.765] [DEBUG] Starting preview..
[19:07:52.808] [DEBUG] Using tsconfig paths for react-docgen
[19:07:52.932] [DEBUG] Change detection enabled.
[19:07:52.932] [DEBUG] Change detection: snapshotting Vite resolve config (restart required if vite.config.ts changes)
[19:07:52.932] [DEBUG] Change detection: ignored 12 regex alias(es); related modules tracked as opaque-leaf.
[19:07:52.932] [DEBUG] ChangeDetectionResolverFactory: skipped regex aliases [/^@storybook\/global$/, /^storybook\/test$/, /^storybook\/actions$/, /^storybook\/preview-api$/, /^storybook\/internal\/channels$/, /^storybook\/internal\/client-logger$/, /^storybook\/internal\/core-events$/, /^storybook\/internal\/preview-errors$/, /^storybook\/internal\/types$/, /^storybook\/internal\/preview-api$/, /^\/?@vite\/env/, /^\/?@vite\/client/]
[19:07:52.937] [ERROR] [38;2;241;97;97mError: listen EADDRINUSE: address already in use :::6006[39m
    at Server.setupListenHandle [as _listen2] (node:net:2009:16)
    at listenInCluster (node:net:2066:12)
    at Server.listen (node:net:2171:7)
    at _Polka.listen (file:///C:/Users/chris_f40v4nt/Documents/GitHub/cakev2/node_modules/storybook/dist/core-server/index.js:9924:110)
    at file:///C:/Users/chris_f40v4nt/Documents/GitHub/cakev2/node_modules/storybook/dist/core-server/index.js:11517:39
    at new Promise (<anonymous>)
    at storybookDevServer (file:///C:/Users/chris_f40v4nt/Documents/GitHub/cakev2/node_modules/storybook/dist/core-server/index.js:11516:19)
    at async buildOrThrow (file:///C:/Users/chris_f40v4nt/Documents/GitHub/cakev2/node_modules/storybook/dist/core-server/index.js:8205:12)
    at async buildDevStandalone (file:///C:/Users/chris_f40v4nt/Documents/GitHub/cakev2/node_modules/storybook/dist/core-server/index.js:12057:41)
    at async withTelemetry (file:///C:/Users/chris_f40v4nt/Documents/GitHub/cakev2/node_modules/storybook/dist/_node-chunks/chunk-G7NXW2C2.js:650:12)
[19:07:52.939] [WARN] Broken build, fix the error above.
You may need to refresh the browser.
[19:07:53.248] [DEBUG] ChangeDetectionResolverFactory: 'radix-ui' from 'C:/Users/chris_f40v4nt/Documents/GitHub/cakev2/src/cakeand/components/Elements/Divider.tsx' unresolved ("." is not exported under the conditions ["storybook", "stories", "test", "module", "browser", "development|production"] from package C:/Users/chris_f40v4nt/Documents/GitHub/cakev2\node_modules\radix-ui (see exports field in C:/Users/chris_f40v4nt/Documents/GitHub/cakev2\node_modules\radix-ui\package.json))
[19:07:53.248] [DEBUG] Could not resolve radix-ui from C:/Users/chris_f40v4nt/Documents/GitHub/cakev2/src/cakeand/components/Elements/Divider.tsx
[19:07:53.248] [DEBUG] ChangeDetectionResolverFactory: 'radix-ui' from 'C:/Users/chris_f40v4nt/Documents/GitHub/cakev2/src/cakeand/components/Modal/ModalContent.stories.tsx' unresolved ("." is not exported under the conditions ["storybook", "stories", "test", "module", "browser", "development|production"] from package C:/Users/chris_f40v4nt/Documents/GitHub/cakev2\node_modules\radix-ui (see exports field in C:/Users/chris_f40v4nt/Documents/GitHub/cakev2\node_modules\radix-ui\package.json))
[19:07:53.248] [DEBUG] Could not resolve radix-ui from C:/Users/chris_f40v4nt/Documents/GitHub/cakev2/src/cakeand/components/Modal/ModalContent.stories.tsx
[19:07:53.248] [DEBUG] ChangeDetectionResolverFactory: 'radix-ui' from 'C:/Users/chris_f40v4nt/Documents/GitHub/cakev2/src/cakeand/components/Elements/InputLabel.tsx' unresolved ("." is not exported under the conditions ["storybook", "stories", "test", "module", "browser", "development|production"] from package C:/Users/chris_f40v4nt/Documents/GitHub/cakev2\node_modules\radix-ui (see exports field in C:/Users/chris_f40v4nt/Documents/GitHub/cakev2\node_modules\radix-ui\package.json))
[19:07:53.248] [DEBUG] Could not resolve radix-ui from C:/Users/chris_f40v4nt/Documents/GitHub/cakev2/src/cakeand/components/Elements/InputLabel.tsx
[19:07:53.248] [DEBUG] ChangeDetectionResolverFactory: 'radix-ui' from 'C:/Users/chris_f40v4nt/Documents/GitHub/cakev2/src/cakeand/components/Modal/ModalTitle.stories.tsx' unresolved ("." is not exported under the conditions ["storybook", "stories", "test", "module", "browser", "development|production"] from package C:/Users/chris_f40v4nt/Documents/GitHub/cakev2\node_modules\radix-ui (see exports field in C:/Users/chris_f40v4nt/Documents/GitHub/cakev2\node_modules\radix-ui\package.json))
[19:07:53.248] [DEBUG] Could not resolve radix-ui from C:/Users/chris_f40v4nt/Documents/GitHub/cakev2/src/cakeand/components/Modal/ModalTitle.stories.tsx
[19:07:53.249] [DEBUG] ChangeDetectionResolverFactory: 'radix-ui' from 'C:/Users/chris_f40v4nt/Documents/GitHub/cakev2/src/cakeand/components/Elements/Scrollbar.tsx' unresolved ("." is not exported under the conditions ["storybook", "stories", "test", "module", "browser", "development|production"] from package C:/Users/chris_f40v4nt/Documents/GitHub/cakev2\node_modules\radix-ui (see exports field in C:/Users/chris_f40v4nt/Documents/GitHub/cakev2\node_modules\radix-ui\package.json))
[19:07:53.249] [DEBUG] Could not resolve radix-ui from C:/Users/chris_f40v4nt/Documents/GitHub/cakev2/src/cakeand/components/Elements/Scrollbar.tsx
[19:07:53.249] [DEBUG] ChangeDetectionResolverFactory: 'radix-ui' from 'C:/Users/chris_f40v4nt/Documents/GitHub/cakev2/src/cakeand/components/Breadcrumb/Breadcrumb.tsx' unresolved ("." is not exported under the conditions ["storybook", "stories", "test", "module", "browser", "development|production"] from package C:/Users/chris_f40v4nt/Documents/GitHub/cakev2\node_modules\radix-ui (see exports field in C:/Users/chris_f40v4nt/Documents/GitHub/cakev2\node_modules\radix-ui\package.json))
[19:07:53.249] [DEBUG] Could not resolve radix-ui from C:/Users/chris_f40v4nt/Documents/GitHub/cakev2/src/cakeand/components/Breadcrumb/Breadcrumb.tsx
[19:07:53.251] [DEBUG] ChangeDetectionResolverFactory: 'radix-ui' from 'C:/Users/chris_f40v4nt/Documents/GitHub/cakev2/src/cakeand/components/Button/IconButton.tsx' unresolved ("." is not exported under the conditions ["storybook", "stories", "test", "module", "browser", "development|production"] from package C:/Users/chris_f40v4nt/Documents/GitHub/cakev2\node_modules\radix-ui (see exports field in C:/Users/chris_f40v4nt/Documents/GitHub/cakev2\node_modules\radix-ui\package.json))
[19:07:53.251] [DEBUG] Could not resolve radix-ui from C:/Users/chris_f40v4nt/Documents/GitHub/cakev2/src/cakeand/components/Button/IconButton.tsx
[19:07:53.251] [DEBUG] ChangeDetectionResolverFactory: 'radix-ui' from 'C:/Users/chris_f40v4nt/Documents/GitHub/cakev2/src/cakeand/components/Avatar/Avatar.tsx' unresolved ("." is not exported under the conditions ["storybook", "stories", "test", "module", "browser", "development|production"] from package C:/Users/chris_f40v4nt/Documents/GitHub/cakev2\node_modules\radix-ui (see exports field in C:/Users/chris_f40v4nt/Documents/GitHub/cakev2\node_modules\radix-ui\package.json))
[19:07:53.251] [DEBUG] Could not resolve radix-ui from C:/Users/chris_f40v4nt/Documents/GitHub/cakev2/src/cakeand/components/Avatar/Avatar.tsx
[19:07:53.251] [DEBUG] ChangeDetectionResolverFactory: 'radix-ui' from 'C:/Users/chris_f40v4nt/Documents/GitHub/cakev2/src/cakeand/components/Accordion/Accordion.tsx' unresolved ("." is not exported under the conditions ["storybook", "stories", "test", "module", "browser", "development|production"] from package C:/Users/chris_f40v4nt/Documents/GitHub/cakev2\node_modules\radix-ui (see exports field in C:/Users/chris_f40v4nt/Documents/GitHub/cakev2\node_modules\radix-ui\package.json))
[19:07:53.251] [DEBUG] Could not resolve radix-ui from C:/Users/chris_f40v4nt/Documents/GitHub/cakev2/src/cakeand/components/Accordion/Accordion.tsx
[19:07:53.251] [DEBUG] ChangeDetectionResolverFactory: 'radix-ui' from 'C:/Users/chris_f40v4nt/Documents/GitHub/cakev2/src/cakeand/components/Checkbox/Checkbox.tsx' unresolved ("." is not exported under the conditions ["storybook", "stories", "test", "module", "browser", "development|production"] from package C:/Users/chris_f40v4nt/Documents/GitHub/cakev2\node_modules\radix-ui (see exports field in C:/Users/chris_f40v4nt/Documents/GitHub/cakev2\node_modules\radix-ui\package.json))
[19:07:53.251] [DEBUG] Could not resolve radix-ui from C:/Users/chris_f40v4nt/Documents/GitHub/cakev2/src/cakeand/components/Checkbox/Checkbox.tsx
[19:07:53.252] [DEBUG] ChangeDetectionResolverFactory: 'radix-ui' from 'C:/Users/chris_f40v4nt/Documents/GitHub/cakev2/src/cakeand/components/Chip/Chip.tsx' unresolved ("." is not exported under the conditions ["storybook", "stories", "test", "module", "browser", "development|production"] from package C:/Users/chris_f40v4nt/Documents/GitHub/cakev2\node_modules\radix-ui (see exports field in C:/Users/chris_f40v4nt/Documents/GitHub/cakev2\node_modules\radix-ui\package.json))
[19:07:53.252] [DEBUG] Could not resolve radix-ui from C:/Users/chris_f40v4nt/Documents/GitHub/cakev2/src/cakeand/components/Chip/Chip.tsx
[19:07:53.252] [DEBUG] ChangeDetectionResolverFactory: 'radix-ui' from 'C:/Users/chris_f40v4nt/Documents/GitHub/cakev2/src/cakeand/components/Dropdown/Dropdown.tsx' unresolved ("." is not exported under the conditions ["storybook", "stories", "test", "module", "browser", "development|production"] from package C:/Users/chris_f40v4nt/Documents/GitHub/cakev2\node_modules\radix-ui (see exports field in C:/Users/chris_f40v4nt/Documents/GitHub/cakev2\node_modules\radix-ui\package.json))
[19:07:53.252] [DEBUG] Could not resolve radix-ui from C:/Users/chris_f40v4nt/Documents/GitHub/cakev2/src/cakeand/components/Dropdown/Dropdown.tsx
[19:07:53.252] [DEBUG] ChangeDetectionResolverFactory: 'radix-ui' from 'C:/Users/chris_f40v4nt/Documents/GitHub/cakev2/src/cakeand/components/HorizontalTabs/HorizontalTabItem.tsx' unresolved ("." is not exported under the conditions ["storybook", "stories", "test", "module", "browser", "development|production"] from package C:/Users/chris_f40v4nt/Documents/GitHub/cakev2\node_modules\radix-ui (see exports field in C:/Users/chris_f40v4nt/Documents/GitHub/cakev2\node_modules\radix-ui\package.json))
[19:07:53.252] [DEBUG] Could not resolve radix-ui from C:/Users/chris_f40v4nt/Documents/GitHub/cakev2/src/cakeand/components/HorizontalTabs/HorizontalTabItem.tsx
[19:07:53.252] [DEBUG] ChangeDetectionResolverFactory: 'radix-ui' from 'C:/Users/chris_f40v4nt/Documents/GitHub/cakev2/src/cakeand/components/DateInput/DateInput.tsx' unresolved ("." is not exported under the conditions ["storybook", "stories", "test", "module", "browser", "development|production"] from package C:/Users/chris_f40v4nt/Documents/GitHub/cakev2\node_modules\radix-ui (see exports field in C:/Users/chris_f40v4nt/Documents/GitHub/cakev2\node_modules\radix-ui\package.json))
[19:07:53.252] [DEBUG] Could not resolve radix-ui from C:/Users/chris_f40v4nt/Documents/GitHub/cakev2/src/cakeand/components/DateInput/DateInput.tsx
[19:07:53.253] [DEBUG] ChangeDetectionResolverFactory: 'radix-ui' from 'C:/Users/chris_f40v4nt/Documents/GitHub/cakev2/src/cakeand/components/ContentSwitcher/ContentSwitcher.tsx' unresolved ("." is not exported under the conditions ["storybook", "stories", "test", "module", "browser", "development|production"] from package C:/Users/chris_f40v4nt/Documents/GitHub/cakev2\node_modules\radix-ui (see exports field in C:/Users/chris_f40v4nt/Documents/GitHub/cakev2\node_modules\radix-ui\package.json))
[19:07:53.253] [DEBUG] Could not resolve radix-ui from C:/Users/chris_f40v4nt/Documents/GitHub/cakev2/src/cakeand/components/ContentSwitcher/ContentSwitcher.tsx
[19:07:53.253] [DEBUG] ChangeDetectionResolverFactory: 'radix-ui' from 'C:/Users/chris_f40v4nt/Documents/GitHub/cakev2/src/cakeand/components/HorizontalTabs/HorizontalTabs.tsx' unresolved ("." is not exported under the conditions ["storybook", "stories", "test", "module", "browser", "development|production"] from package C:/Users/chris_f40v4nt/Documents/GitHub/cakev2\node_modules\radix-ui (see exports field in C:/Users/chris_f40v4nt/Documents/GitHub/cakev2\node_modules\radix-ui\package.json))
[19:07:53.253] [DEBUG] Could not resolve radix-ui from C:/Users/chris_f40v4nt/Documents/GitHub/cakev2/src/cakeand/components/HorizontalTabs/HorizontalTabs.tsx
[19:07:53.253] [DEBUG] ChangeDetectionResolverFactory: 'radix-ui' from 'C:/Users/chris_f40v4nt/Documents/GitHub/cakev2/src/cakeand/components/Modal/ModalIcon.tsx' unresolved ("." is not exported under the conditions ["storybook", "stories", "test", "module", "browser", "development|production"] from package C:/Users/chris_f40v4nt/Documents/GitHub/cakev2\node_modules\radix-ui (see exports field in C:/Users/chris_f40v4nt/Documents/GitHub/cakev2\node_modules\radix-ui\package.json))
[19:07:53.253] [DEBUG] Could not resolve radix-ui from C:/Users/chris_f40v4nt/Documents/GitHub/cakev2/src/cakeand/components/Modal/ModalIcon.tsx
[19:07:53.254] [DEBUG] ChangeDetectionResolverFactory: 'radix-ui' from 'C:/Users/chris_f40v4nt/Documents/GitHub/cakev2/src/cakeand/components/Modal/ModalTitle.tsx' unresolved ("." is not exported under the conditions ["storybook", "stories", "test", "module", "browser", "development|production"] from package C:/Users/chris_f40v4nt/Documents/GitHub/cakev2\node_modules\radix-ui (see exports field in C:/Users/chris_f40v4nt/Documents/GitHub/cakev2\node_modules\radix-ui\package.json))
[19:07:53.254] [DEBUG] Could not resolve radix-ui from C:/Users/chris_f40v4nt/Documents/GitHub/cakev2/src/cakeand/components/Modal/ModalTitle.tsx
[19:07:53.255] [DEBUG] ChangeDetectionResolverFactory: 'radix-ui' from 'C:/Users/chris_f40v4nt/Documents/GitHub/cakev2/src/cakeand/components/Modal/ModalContent.tsx' unresolved ("." is not exported under the conditions ["storybook", "stories", "test", "module", "browser", "development|production"] from package C:/Users/chris_f40v4nt/Documents/GitHub/cakev2\node_modules\radix-ui (see exports field in C:/Users/chris_f40v4nt/Documents/GitHub/cakev2\node_modules\radix-ui\package.json))
[19:07:53.255] [DEBUG] Could not resolve radix-ui from C:/Users/chris_f40v4nt/Documents/GitHub/cakev2/src/cakeand/components/Modal/ModalContent.tsx
[19:07:53.256] [DEBUG] ChangeDetectionResolverFactory: 'radix-ui' from 'C:/Users/chris_f40v4nt/Documents/GitHub/cakev2/src/cakeand/components/Modal/Modal.tsx' unresolved ("." is not exported under the conditions ["storybook", "stories", "test", "module", "browser", "development|production"] from package C:/Users/chris_f40v4nt/Documents/GitHub/cakev2\node_modules\radix-ui (see exports field in C:/Users/chris_f40v4nt/Documents/GitHub/cakev2\node_modules\radix-ui\package.json))
[19:07:53.256] [DEBUG] Could not resolve radix-ui from C:/Users/chris_f40v4nt/Documents/GitHub/cakev2/src/cakeand/components/Modal/Modal.tsx
[19:07:53.258] [DEBUG] ChangeDetectionResolverFactory: 'radix-ui' from 'C:/Users/chris_f40v4nt/Documents/GitHub/cakev2/src/cakeand/components/Progress Indicators/ProgressBar.tsx' unresolved ("." is not exported under the conditions ["storybook", "stories", "test", "module", "browser", "development|production"] from package C:/Users/chris_f40v4nt/Documents/GitHub/cakev2\node_modules\radix-ui (see exports field in C:/Users/chris_f40v4nt/Documents/GitHub/cakev2\node_modules\radix-ui\package.json))
[19:07:53.258] [DEBUG] Could not resolve radix-ui from C:/Users/chris_f40v4nt/Documents/GitHub/cakev2/src/cakeand/components/Progress Indicators/ProgressBar.tsx
[19:07:53.260] [DEBUG] ChangeDetectionResolverFactory: 'radix-ui' from 'C:/Users/chris_f40v4nt/Documents/GitHub/cakev2/src/cakeand/components/Menu/MenuHeader.tsx' unresolved ("." is not exported under the conditions ["storybook", "stories", "test", "module", "browser", "development|production"] from package C:/Users/chris_f40v4nt/Documents/GitHub/cakev2\node_modules\radix-ui (see exports field in C:/Users/chris_f40v4nt/Documents/GitHub/cakev2\node_modules\radix-ui\package.json))
[19:07:53.260] [DEBUG] Could not resolve radix-ui from C:/Users/chris_f40v4nt/Documents/GitHub/cakev2/src/cakeand/components/Menu/MenuHeader.tsx
[19:07:53.264] [DEBUG] ChangeDetectionResolverFactory: 'radix-ui' from 'C:/Users/chris_f40v4nt/Documents/GitHub/cakev2/src/cakeand/components/NumberDropdown/NumberDropdown.tsx' unresolved ("." is not exported under the conditions ["storybook", "stories", "test", "module", "browser", "development|production"] from package C:/Users/chris_f40v4nt/Documents/GitHub/cakev2\node_modules\radix-ui (see exports field in C:/Users/chris_f40v4nt/Documents/GitHub/cakev2\node_modules\radix-ui\package.json))
[19:07:53.264] [DEBUG] Could not resolve radix-ui from C:/Users/chris_f40v4nt/Documents/GitHub/cakev2/src/cakeand/components/NumberDropdown/NumberDropdown.tsx
[19:07:53.264] [DEBUG] ChangeDetectionResolverFactory: 'radix-ui' from 'C:/Users/chris_f40v4nt/Documents/GitHub/cakev2/src/cakeand/components/Pagination/Pagination.tsx' unresolved ("." is not exported under the conditions ["storybook", "stories", "test", "module", "browser", "development|production"] from package C:/Users/chris_f40v4nt/Documents/GitHub/cakev2\node_modules\radix-ui (see exports field in C:/Users/chris_f40v4nt/Documents/GitHub/cakev2\node_modules\radix-ui\package.json))
[19:07:53.264] [DEBUG] Could not resolve radix-ui from C:/Users/chris_f40v4nt/Documents/GitHub/cakev2/src/cakeand/components/Pagination/Pagination.tsx
[19:07:53.265] [DEBUG] ChangeDetectionResolverFactory: 'radix-ui' from 'C:/Users/chris_f40v4nt/Documents/GitHub/cakev2/src/cakeand/components/PasswordInput/PasswordInput.tsx' unresolved ("." is not exported under the conditions ["storybook", "stories", "test", "module", "browser", "development|production"] from package C:/Users/chris_f40v4nt/Documents/GitHub/cakev2\node_modules\radix-ui (see exports field in C:/Users/chris_f40v4nt/Documents/GitHub/cakev2\node_modules\radix-ui\package.json))
[19:07:53.265] [DEBUG] Could not resolve radix-ui from C:/Users/chris_f40v4nt/Documents/GitHub/cakev2/src/cakeand/components/PasswordInput/PasswordInput.tsx
[19:07:53.265] [DEBUG] ChangeDetectionResolverFactory: 'radix-ui' from 'C:/Users/chris_f40v4nt/Documents/GitHub/cakev2/src/cakeand/components/Progress Indicators/Spinner.tsx' unresolved ("." is not exported under the conditions ["storybook", "stories", "test", "module", "browser", "development|production"] from package C:/Users/chris_f40v4nt/Documents/GitHub/cakev2\node_modules\radix-ui (see exports field in C:/Users/chris_f40v4nt/Documents/GitHub/cakev2\node_modules\radix-ui\package.json))
[19:07:53.265] [DEBUG] Could not resolve radix-ui from C:/Users/chris_f40v4nt/Documents/GitHub/cakev2/src/cakeand/components/Progress Indicators/Spinner.tsx
[19:07:53.265] [DEBUG] ChangeDetectionResolverFactory: 'radix-ui' from 'C:/Users/chris_f40v4nt/Documents/GitHub/cakev2/src/cakeand/components/PinInput/PinInput.tsx' unresolved ("." is not exported under the conditions ["storybook", "stories", "test", "module", "browser", "development|production"] from package C:/Users/chris_f40v4nt/Documents/GitHub/cakev2\node_modules\radix-ui (see exports field in C:/Users/chris_f40v4nt/Documents/GitHub/cakev2\node_modules\radix-ui\package.json))
[19:07:53.265] [DEBUG] Could not resolve radix-ui from C:/Users/chris_f40v4nt/Documents/GitHub/cakev2/src/cakeand/components/PinInput/PinInput.tsx
[19:07:53.266] [DEBUG] ChangeDetectionResolverFactory: 'radix-ui' from 'C:/Users/chris_f40v4nt/Documents/GitHub/cakev2/src/cakeand/components/Radio/Radio.tsx' unresolved ("." is not exported under the conditions ["storybook", "stories", "test", "module", "browser", "development|production"] from package C:/Users/chris_f40v4nt/Documents/GitHub/cakev2\node_modules\radix-ui (see exports field in C:/Users/chris_f40v4nt/Documents/GitHub/cakev2\node_modules\radix-ui\package.json))
[19:07:53.266] [DEBUG] Could not resolve radix-ui from C:/Users/chris_f40v4nt/Documents/GitHub/cakev2/src/cakeand/components/Radio/Radio.tsx
[19:07:53.266] [DEBUG] ChangeDetectionResolverFactory: 'radix-ui' from 'C:/Users/chris_f40v4nt/Documents/GitHub/cakev2/src/cakeand/components/Toast/Toast.stories.tsx' unresolved ("." is not exported under the conditions ["storybook", "stories", "test", "module", "browser", "development|production"] from package C:/Users/chris_f40v4nt/Documents/GitHub/cakev2\node_modules\radix-ui (see exports field in C:/Users/chris_f40v4nt/Documents/GitHub/cakev2\node_modules\radix-ui\package.json))
[19:07:53.266] [DEBUG] Could not resolve radix-ui from C:/Users/chris_f40v4nt/Documents/GitHub/cakev2/src/cakeand/components/Toast/Toast.stories.tsx
[19:07:53.266] [DEBUG] ChangeDetectionResolverFactory: 'radix-ui' from 'C:/Users/chris_f40v4nt/Documents/GitHub/cakev2/src/cakeand/components/Sidebar/SidebarSubItem.tsx' unresolved ("." is not exported under the conditions ["storybook", "stories", "test", "module", "browser", "development|production"] from package C:/Users/chris_f40v4nt/Documents/GitHub/cakev2\node_modules\radix-ui (see exports field in C:/Users/chris_f40v4nt/Documents/GitHub/cakev2\node_modules\radix-ui\package.json))
[19:07:53.266] [DEBUG] Could not resolve radix-ui from C:/Users/chris_f40v4nt/Documents/GitHub/cakev2/src/cakeand/components/Sidebar/SidebarSubItem.tsx
[19:07:53.267] [DEBUG] ChangeDetectionResolverFactory: 'radix-ui' from 'C:/Users/chris_f40v4nt/Documents/GitHub/cakev2/src/cakeand/components/Sidebar/Sidebar.tsx' unresolved ("." is not exported under the conditions ["storybook", "stories", "test", "module", "browser", "development|production"] from package C:/Users/chris_f40v4nt/Documents/GitHub/cakev2\node_modules\radix-ui (see exports field in C:/Users/chris_f40v4nt/Documents/GitHub/cakev2\node_modules\radix-ui\package.json))
[19:07:53.267] [DEBUG] Could not resolve radix-ui from C:/Users/chris_f40v4nt/Documents/GitHub/cakev2/src/cakeand/components/Sidebar/Sidebar.tsx
[19:07:53.267] [DEBUG] ChangeDetectionResolverFactory: 'radix-ui' from 'C:/Users/chris_f40v4nt/Documents/GitHub/cakev2/src/cakeand/components/Sidebar/SidebarItem.tsx' unresolved ("." is not exported under the conditions ["storybook", "stories", "test", "module", "browser", "development|production"] from package C:/Users/chris_f40v4nt/Documents/GitHub/cakev2\node_modules\radix-ui (see exports field in C:/Users/chris_f40v4nt/Documents/GitHub/cakev2\node_modules\radix-ui\package.json))
[19:07:53.267] [DEBUG] Could not resolve radix-ui from C:/Users/chris_f40v4nt/Documents/GitHub/cakev2/src/cakeand/components/Sidebar/SidebarItem.tsx
[19:07:53.267] [DEBUG] ChangeDetectionResolverFactory: 'radix-ui' from 'C:/Users/chris_f40v4nt/Documents/GitHub/cakev2/src/cakeand/components/Switch/Switch.tsx' unresolved ("." is not exported under the conditions ["storybook", "stories", "test", "module", "browser", "development|production"] from package C:/Users/chris_f40v4nt/Documents/GitHub/cakev2\node_modules\radix-ui (see exports field in C:/Users/chris_f40v4nt/Documents/GitHub/cakev2\node_modules\radix-ui\package.json))
[19:07:53.267] [DEBUG] Could not resolve radix-ui from C:/Users/chris_f40v4nt/Documents/GitHub/cakev2/src/cakeand/components/Switch/Switch.tsx
[19:07:53.267] [DEBUG] ChangeDetectionResolverFactory: 'radix-ui' from 'C:/Users/chris_f40v4nt/Documents/GitHub/cakev2/src/cakeand/components/Slider/Slider.tsx' unresolved ("." is not exported under the conditions ["storybook", "stories", "test", "module", "browser", "development|production"] from package C:/Users/chris_f40v4nt/Documents/GitHub/cakev2\node_modules\radix-ui (see exports field in C:/Users/chris_f40v4nt/Documents/GitHub/cakev2\node_modules\radix-ui\package.json))
[19:07:53.267] [DEBUG] Could not resolve radix-ui from C:/Users/chris_f40v4nt/Documents/GitHub/cakev2/src/cakeand/components/Slider/Slider.tsx
[19:07:53.270] [DEBUG] ChangeDetectionResolverFactory: 'radix-ui' from 'C:/Users/chris_f40v4nt/Documents/GitHub/cakev2/src/cakeand/components/Tooltip/SimpleTooltip.tsx' unresolved ("." is not exported under the conditions ["storybook", "stories", "test", "module", "browser", "development|production"] from package C:/Users/chris_f40v4nt/Documents/GitHub/cakev2\node_modules\radix-ui (see exports field in C:/Users/chris_f40v4nt/Documents/GitHub/cakev2\node_modules\radix-ui\package.json))
[19:07:53.270] [DEBUG] Could not resolve radix-ui from C:/Users/chris_f40v4nt/Documents/GitHub/cakev2/src/cakeand/components/Tooltip/SimpleTooltip.tsx
[19:07:53.270] [DEBUG] ChangeDetectionResolverFactory: 'radix-ui' from 'C:/Users/chris_f40v4nt/Documents/GitHub/cakev2/src/cakeand/components/Tooltip/RichTooltip.tsx' unresolved ("." is not exported under the conditions ["storybook", "stories", "test", "module", "browser", "development|production"] from package C:/Users/chris_f40v4nt/Documents/GitHub/cakev2\node_modules\radix-ui (see exports field in C:/Users/chris_f40v4nt/Documents/GitHub/cakev2\node_modules\radix-ui\package.json))
[19:07:53.270] [DEBUG] Could not resolve radix-ui from C:/Users/chris_f40v4nt/Documents/GitHub/cakev2/src/cakeand/components/Tooltip/RichTooltip.tsx
[19:07:53.270] [DEBUG] ChangeDetectionResolverFactory: 'radix-ui' from 'C:/Users/chris_f40v4nt/Documents/GitHub/cakev2/src/cakeand/components/TimeInput/TimeInput.tsx' unresolved ("." is not exported under the conditions ["storybook", "stories", "test", "module", "browser", "development|production"] from package C:/Users/chris_f40v4nt/Documents/GitHub/cakev2\node_modules\radix-ui (see exports field in C:/Users/chris_f40v4nt/Documents/GitHub/cakev2\node_modules\radix-ui\package.json))
[19:07:53.270] [DEBUG] Could not resolve radix-ui from C:/Users/chris_f40v4nt/Documents/GitHub/cakev2/src/cakeand/components/TimeInput/TimeInput.tsx
[19:07:53.270] [DEBUG] ChangeDetectionResolverFactory: 'radix-ui' from 'C:/Users/chris_f40v4nt/Documents/GitHub/cakev2/src/cakeand/components/VerticalTabs/VerticalTabSubItem.tsx' unresolved ("." is not exported under the conditions ["storybook", "stories", "test", "module", "browser", "development|production"] from package C:/Users/chris_f40v4nt/Documents/GitHub/cakev2\node_modules\radix-ui (see exports field in C:/Users/chris_f40v4nt/Documents/GitHub/cakev2\node_modules\radix-ui\package.json))
[19:07:53.270] [DEBUG] Could not resolve radix-ui from C:/Users/chris_f40v4nt/Documents/GitHub/cakev2/src/cakeand/components/VerticalTabs/VerticalTabSubItem.tsx
[19:07:53.270] [DEBUG] ChangeDetectionResolverFactory: 'radix-ui' from 'C:/Users/chris_f40v4nt/Documents/GitHub/cakev2/src/cakeand/components/Toast/Toast.tsx' unresolved ("." is not exported under the conditions ["storybook", "stories", "test", "module", "browser", "development|production"] from package C:/Users/chris_f40v4nt/Documents/GitHub/cakev2\node_modules\radix-ui (see exports field in C:/Users/chris_f40v4nt/Documents/GitHub/cakev2\node_modules\radix-ui\package.json))
[19:07:53.270] [DEBUG] Could not resolve radix-ui from C:/Users/chris_f40v4nt/Documents/GitHub/cakev2/src/cakeand/components/Toast/Toast.tsx
[19:07:53.272] [DEBUG] ChangeDetectionResolverFactory: 'radix-ui' from 'C:/Users/chris_f40v4nt/Documents/GitHub/cakev2/src/cakeand/components/VerticalTabs/VerticalTabItem.tsx' unresolved ("." is not exported under the conditions ["storybook", "stories", "test", "module", "browser", "development|production"] from package C:/Users/chris_f40v4nt/Documents/GitHub/cakev2\node_modules\radix-ui (see exports field in C:/Users/chris_f40v4nt/Documents/GitHub/cakev2\node_modules\radix-ui\package.json))
[19:07:53.272] [DEBUG] Could not resolve radix-ui from C:/Users/chris_f40v4nt/Documents/GitHub/cakev2/src/cakeand/components/VerticalTabs/VerticalTabItem.tsx
[19:07:53.273] [DEBUG] ChangeDetectionResolverFactory: 'radix-ui' from 'C:/Users/chris_f40v4nt/Documents/GitHub/cakev2/src/cakeand/components/VerticalTabs/VerticalTabs.tsx' unresolved ("." is not exported under the conditions ["storybook", "stories", "test", "module", "browser", "development|production"] from package C:/Users/chris_f40v4nt/Documents/GitHub/cakev2\node_modules\radix-ui (see exports field in C:/Users/chris_f40v4nt/Documents/GitHub/cakev2\node_modules\radix-ui\package.json))
[19:07:53.273] [DEBUG] Could not resolve radix-ui from C:/Users/chris_f40v4nt/Documents/GitHub/cakev2/src/cakeand/components/VerticalTabs/VerticalTabs.tsx
[19:07:53.275] [DEBUG] Change detection graph built: 64 stories, 131 deps tracked, 341ms